▲ Next.js 16.2.3 (Turbopack)
- Environments: .env.local, .env
- Experiments (use with caution):
  · staleTimes

  Creating an optimized production build ...
✓ Compiled successfully in 43s
  Running TypeScript ...

<--- Last few GCs --->

[12592:0000026BA6E4F000]    65195 ms: Scavenge (interleaved) 2034.5 (2047.6) -> 2031.0 (2055.6) MB, pooled: 0 MB, 1.54 / 0.00 ms  (average mu = 0.384, current mu = 0.378) allocation failure; 
[12592:0000026BA6E4F000]    66084 ms: Mark-Compact (reduce) 2038.1 (2055.6) -> 2031.3 (2039.4) MB, pooled: 0 MB, 32.33 / 0.01 ms  (+ 715.9 ms in 108 steps since start of marking, biggest step 40.0 ms, walltime since start of marking 860 ms) (average mu = 
FATAL ERROR: Ineffective mark-compacts near heap limit Allocation failed - JavaScript heap out of memory
----- Native stack trace -----

 1: 00007FF7CC34403F node::OnFatalError+1343
 2: 00007FF7CCF8FAA7 v8::Function::NewInstance+423
 3: 00007FF7CCD904D7 v8::base::AddressSpaceReservation::AddressSpaceReservation+322071
 4: 00007FF7CCD941E4 v8::base::AddressSpaceReservation::AddressSpaceReservation+337700
 5: 00007FF7CCDA313C v8::internal::StrongRootAllocatorBase::deallocate_impl+16604
 6: 00007FF7CCDA297B v8::internal::StrongRootAllocatorBase::deallocate_impl+14619
 7: 00007FF7CE22A2AD v8::base::UnsignedDivisionByConstant<unsigned __int64>+2794653
 8: 00007FF7CCD8DFA0 v8::base::AddressSpaceReservation::AddressSpaceReservation+312544
 9: 00007FF7CCE11CD9 v8::Unlocker::~Unlocker+9273
10: 00007FF7CC9864C2 v8::String::Utf8Value::~Utf8Value+142914
11: 0000026BDF4B75FA 
Next.js build worker exited with code: 134 and signal: null
